// Jest Snapshot v1, https://goo.gl/fbAQLP

exports[`SavedSongList renders correctly 1`] = `
.c0 {
  background: var(--gradient-light);
  border-radius: 0 0 70px 70px;
  box-shadow: var(--shadow-dark);
  color: var(--white);
  display: grid;
  font-size: 1.6em;
  font-weight: 300;
  height: 144px;
  -webkit-letter-spacing: 0.05em;
  -moz-letter-spacing: 0.05em;
  -ms-letter-spacing: 0.05em;
  letter-spacing: 0.05em;
  place-items: center;
  text-transform: uppercase;
  width: 100%;
}

.c1 {
  top: 0;
  left: 0;
  position: fixed;
}

<div
  class="c0 c1"
>
  Favorites
</div>
`;
