// Jest Snapshot v1, https://goo.gl/fbAQLP

exports[`ButtonPrimary renders correctly 1`] = `
.c0 {
  background-color: transparent;
  border: var(--primary-dark) 2px solid;
  color: var(--primary-dark);
  font-size: 0.8em;
  padding: 6px;
  width: 100%;
}

.c0:disabled {
  opacity: 50%;
}

<button
  class="c0"
>
  Save this song
</button>
`;

exports[`ButtonPrimary renders correctly 2`] = `
<button
  class="ButtonPrimary__ButtonStyled-sc-1mu6zlu-0 xEHRn"
  disabled=""
>
  Save this song
</button>
`;
