// Jest Snapshot v1, https://goo.gl/fbAQLP

exports[`AudioButton renders correctly 1`] = `
.c0 {
  background-color: transparent;
  border: var(--primary-dark) 2px solid;
  fill: var(--primary-dark);
  height: 46px;
  padding: 10px;
  width: 46px;
}

<button
  class="c0"
>
  <svg
    title="play"
  >
    play.svg
  </svg>
</button>
`;
