// Jest Snapshot v1, https://goo.gl/fbAQLP

exports[`ArtistList renders correctly 1`] = `
.c0 {
  display: grid;
  gap: 8px;
  list-style: none;
  margin: 0;
  padding: 0;
}

.c1 {
  background-color: var(--primary-light);
  color: var(--primary-dark);
  font-size: 1em;
  font-weight: 600;
  padding: 20px;
}

.c1 span {
  display: block;
  font-size: 75%;
  font-weight: 300;
  padding-bottom: 6px;
  text-transform: uppercase;
}

<ul
  class="c0"
>
  <li
    class="c1"
  >
    <span>
      Dance Gavin Dance
    </span>
    We Own The Night
  </li>
</ul>
`;
