// Jest Snapshot v1, https://goo.gl/fbAQLP

exports[`Login renders correctly 1`] = `
.c0 {
  background: var(--gradient-regular);
  height: 100vh;
}

.c1 {
  display: grid;
  grid-template-rows: 2fr 1fr;
  height: 100vh;
  padding: 0 44px;
  place-content: center;
}

.c2 {
  place-self: center;
  width: 90%;
  max-width: 420px;
}

.c3 {
  justify-self: center;
}

.c3 p {
  color: white;
  font-size: 0.9;
  font-weight: 300;
  text-align: center;
  margin-top: 24px;
}

.c4 {
  background: var(--white);
  border-radius: 28px;
  box-shadow: var(--shadow-dark);
  color: var(--spotify-green);
  font-weight: 700;
  padding: 6px 80px 8px;
  -webkit-text-decoration: none;
  text-decoration: none;
}

.c5 {
  width: 22px;
  position: relative;
  top: 4.5px;
  margin-left: 2px;
}

<section
  class="c0"
>
  <div
    class="c1"
  >
    <div
      class="c2"
    >
      <svg>
        resonance.svg
      </svg>
    </div>
    <div
      class="c3"
    >
      <a
        class="c4"
        data-testid="login-button"
        href="http://localhost:3001/login"
      >
        Login with 
        <svg
          class="c5"
        >
          spotify.svg
        </svg>
      </a>
      <p>
        and discover new songs 
        <br />
         and artists.
      </p>
    </div>
  </div>
</section>
`;
