// Jest Snapshot v1, https://goo.gl/fbAQLP

exports[`SavedSongList renders correctly 1`] = `
.c0 {
  display: -webkit-box;
  display: -webkit-flex;
  display: -ms-flexbox;
  display: flex;
  -webkit-flex-wrap: nowrap;
  -ms-flex-wrap: nowrap;
  flex-wrap: nowrap;
  height: 100vh;
  margin: 0;
  overflow-x: scroll;
  padding: 0;
  -webkit-scroll-snap-type: x mandatory;
  -moz-scroll-snap-type: x mandatory;
  -ms-scroll-snap-type: x mandatory;
  scroll-snap-type: x mandatory;
  -webkit-scrollbar-width: none;
  -moz-scrollbar-width: none;
  -ms-scrollbar-width: none;
  scrollbar-width: none;
}

.c0::-webkit-scrollbar {
  display: none;
}

<ul
  class="c0"
/>
`;
