// Jest Snapshot v1, https://goo.gl/fbAQLP

exports[`Button renders correctly 1`] = `
.c0 {
  background: var(--white-transparent-min);
  border: none;
  border-radius: 50%;
  box-shadow: var(--shadow-light);
  fill: var(--spotify-green);
  height: 60px;
  padding: 16px;
  width: 60px;
}

.c0:disabled {
  background: var(--spotify-green-transparent);
  fill: var(--white);
}

.c0:focus {
  outline: 0;
}

<button
  class="c0"
  data-testid="undefined-button"
  style="transform: none;"
>
  <svg>
    save.svg
  </svg>
</button>
`;
