// Jest Snapshot v1, https://goo.gl/fbAQLP

exports[`ArtistList renders correctly 1`] = `
.c7 {
  background: var(--white-transparent);
  border: none;
  border-radius: 50%;
  box-shadow: var(--shadow-light);
  fill: var(--primary-regular);
  height: 60px;
  padding: 14px;
  width: 60px;
}

.c8 {
  background: var(--white-transparent);
  border: none;
  border-radius: 50%;
  box-shadow: var(--shadow-light);
  fill: var(--spotify-green-transparent);
  height: 60px;
  padding: 14px;
  width: 60px;
}

.c8:disabled {
  fill: var(--spotify-green);
}

.c0 {
  display: grid;
  gap: 80px;
  list-style: none;
  margin: 0;
  padding: 0;
}

.c1 {
  position: relative;
  display: grid;
  row-gap: 46px;
  grid-template-columns: 100%;
  grid-template-rows: 384px 1fr;
}

.c2 {
  box-shadow: var(--shadow-dark);
  object-fit: cover;
  border-radius: 0 0 70px 70px;
  height: 384px;
  width: 100%;
}

.c3 {
  padding: 0 22px;
}

.c4 {
  display: block;
  color: var(--primary-regular);
  font-size: 1.2em;
  font-weight: 700;
  text-transform: uppercase;
  margin-bottom: 8px;
}

.c5 {
  color: var(--primary-regular);
  font-size: 1.6em;
  font-weight: 700;
  line-height: 1;
  text-transform: uppercase;
}

.c6 {
  display: -webkit-box;
  display: -webkit-flex;
  display: -ms-flexbox;
  display: flex;
  -webkit-box-pack: space-evenly;
  -webkit-justify-content: space-evenly;
  -ms-flex-pack: space-evenly;
  justify-content: space-evenly;
  position: absolute;
  top: 268px;
  width: 100%;
}

<ul
  class="c0"
>
  <li
    class="c1"
  >
    <img
      alt=""
      class="c2"
    />
    <div
      class="c3"
    >
      <span
        class="c4"
      >
        Unprocessed
      </span>
      <span
        class="c5"
      >
        Real
      </span>
    </div>
    <div
      class="c6"
    >
      <button
        class="c7"
        data-testid="audio-button"
      >
        <svg
          title="play"
        >
          play.svg
        </svg>
      </button>
      <button
        class="c8"
        data-testid="save-button"
        id="a"
      >
        <svg>
          save.svg
        </svg>
      </button>
    </div>
  </li>
</ul>
`;
