// Jest Snapshot v1, https://goo.gl/fbAQLP

exports[`SavedSongList renders correctly 1`] = `
.c9 {
  background: transparent;
  border: none;
  border-radius: 50%;
  box-shadow: none;
  fill: var(--primary-regular);
  height: 48px;
  padding: 14px;
  width: 48px;
}

.c3 {
  background: var(--white-transparent);
  border: none;
  border-radius: 34px 10px 10px 34px;
  box-shadow: var(--shadow-light);
  fill: var(--cta-red);
  height: 60px;
  padding: 14px;
  width: 60px;
}

.c3:disabled {
  fill: var(--spotify-green);
}

.c1 {
  display: grid;
  -webkit-column-gap: 8px;
  column-gap: 8px;
  grid-template-columns: 48px auto;
  padding: 0 22px;
}

.c2 {
  grid-row: 1/3;
  grid-column-start: 1;
}

.c4 {
  height: 48px;
  width: 48px;
}

.c5 {
  box-shadow: var(--shadow-light);
  border-radius: 10px 34px 34px 10px;
  display: grid;
  grid-template-columns: 82% auto;
  grid-template-rows: 50% 50%;
  padding: 0 0 0 8px;
}

.c6 {
  -webkit-align-self: end;
  -ms-flex-item-align: end;
  align-self: end;
  color: var(--primary-regular);
  font-size: 0.9em;
  font-weight: 300;
  text-transform: uppercase;
}

.c7 {
  -webkit-align-self: start;
  -ms-flex-item-align: start;
  align-self: start;
  color: var(--primary-regular);
  grid-row-start: 2;
  font-size: 0.9em;
  font-weight: 700;
  text-transform: uppercase;
}

.c8 {
  grid-column-start: 3;
  grid-row: 1/3;
  justify-self: end;
}

.c0 {
  display: grid;
  gap: 32px;
  list-style: none;
  margin: 22px 0;
  padding: 0;
}

<ul
  class="c0"
>
  <li
    class="c1"
  >
    <div
      class="c2"
    >
      <button
        class="c3 c4"
        data-testid="prepare-delete-button"
        id="a"
      >
        <svg>
          x.svg
        </svg>
      </button>
    </div>
    <div
      class="c5"
    >
      <span
        class="c6"
      >
        Unprocessed
      </span>
      <span
        class="c7"
      >
        Real
      </span>
      <div
        class="c8"
      >
        <button
          class="c9"
          data-testid="audio-button"
        >
          <svg
            title="play"
          >
            play.svg
          </svg>
        </button>
      </div>
    </div>
  </li>
  <li
    class="c1"
  >
    <div
      class="c2"
    >
      <button
        class="c3 c4"
        data-testid="prepare-delete-button"
        id="b"
      >
        <svg>
          x.svg
        </svg>
      </button>
    </div>
    <div
      class="c5"
    >
      <span
        class="c6"
      >
        Dance Gavin Dance
      </span>
      <span
        class="c7"
      >
        We Own The Night
      </span>
      <div
        class="c8"
      >
        <button
          class="c9"
          data-testid="audio-button"
        >
          <svg
            title="play"
          >
            play.svg
          </svg>
        </button>
      </div>
    </div>
  </li>
</ul>
`;
