// Jest Snapshot v1, https://goo.gl/fbAQLP

exports[`ArtistPreview renders correctly 1`] = `
.c7 {
  background: var(--white-transparent-min);
  border: none;
  border-radius: 50%;
  box-shadow: var(--shadow-light);
  fill: var(--primary-regular);
  height: 60px;
  padding: 16px;
  width: 60px;
}

.c7:focus {
  outline: 0;
}

.c6 {
  background: var(--white-transparent-min);
  border: none;
  border-radius: 50%;
  box-shadow: var(--shadow-light);
  fill: var(--cta-red);
  height: 60px;
  padding: 16px;
  width: 60px;
}

.c6:disabled {
  background: var(--spotify-green-transparent);
  fill: var(--white);
}

.c6:focus {
  outline: 0;
}

.c8 {
  background: var(--white-transparent-min);
  border: none;
  border-radius: 50%;
  box-shadow: var(--shadow-light);
  fill: var(--spotify-green);
  height: 60px;
  padding: 16px;
  width: 60px;
}

.c8:disabled {
  background: var(--spotify-green-transparent);
  fill: var(--white);
}

.c8:focus {
  outline: 0;
}

.c0 {
  display: grid;
  -webkit-flex: 1 0 100%;
  -ms-flex: 1 0 100%;
  flex: 1 0 100%;
  grid-template-columns: 100%;
  grid-template-rows: 54vh auto;
  height: 100vh;
  position: relative;
  row-gap: 46px;
  -webkit-scroll-snap-align: start;
  -moz-scroll-snap-align: start;
  -ms-scroll-snap-align: start;
  scroll-snap-align: start;
}

.c1 {
  border-radius: 0 0 70px 70px;
  box-shadow: var(--shadow-dark);
  height: 54vh;
  object-fit: cover;
  width: 100%;
}

.c2 {
  padding: 0 22px;
}

.c3 {
  color: var(--primary-regular);
  display: block;
  font-size: 1.2em;
  font-weight: 700;
  margin-bottom: 8px;
  text-transform: uppercase;
}

.c4 {
  color: var(--primary-regular);
  font-size: 1.6em;
  font-weight: 700;
  line-height: 1;
  text-transform: uppercase;
}

.c5 {
  display: -webkit-box;
  display: -webkit-flex;
  display: -ms-flexbox;
  display: flex;
  -webkit-box-pack: space-evenly;
  -webkit-justify-content: space-evenly;
  -ms-flex-pack: space-evenly;
  justify-content: space-evenly;
  position: absolute;
  top: 36%;
  width: 100%;
}

<li
  class="c0"
>
  <img
    alt=""
    class="c1"
    src="https://testurl.com"
  />
  <section
    class="c2"
  >
    <span
      class="c3"
    >
      Unprocessed
    </span>
    <span
      class="c4"
    >
      Real
    </span>
  </section>
  <div
    class="c5"
  >
    <button
      class="c6"
      data-testid="skip-button"
      style="transform: none;"
    >
      <svg>
        skip.svg
      </svg>
    </button>
    <button
      class="c7"
      data-testid="audio-button"
      style="transform: none;"
    >
      <svg
        title="play"
      >
        play.svg
      </svg>
    </button>
    <button
      class="c8"
      data-testid="save-button"
      style="transform: none;"
    >
      <svg>
        save.svg
      </svg>
    </button>
  </div>
</li>
`;
